// Jest Snapshot v1, https://goo.gl/fbAQLP

exports[`testing the calculate function matches the snapshot 1`] = `
<div
  className="calc-container"
>
  <table
    cellSpacing="0"
    id="calc"
  >
    <tbody
      id="calc-body"
    >
      <tr
        className="result-container"
      >
        <td
          className="result"
          colSpan="4"
        >
          <span>
            0
          </span>
          <span />
          <span />
        </td>
      </tr>
      <tr>
        <td>
          <button
            className="non-operators ac"
            onClick={[Function]}
            type="button"
          >
            AC
          </button>
        </td>
        <td>
          <button
            className="non-operators"
            onClick={[Function]}
            type="button"
          >
            +/-
          </button>
        </td>
        <td>
          <button
            className="non-operators"
            onClick={[Function]}
            type="button"
          >
            %
          </button>
        </td>
        <td>
          <button
            className="operators"
            onClick={[Function]}
            type="button"
          >
            รท
          </button>
        </td>
      </tr>
      <tr>
        <td>
          <button
            className="non-operators"
            onClick={[Function]}
            type="button"
          >
            7
          </button>
        </td>
        <td>
          <button
            className="non-operators"
            onClick={[Function]}
            type="button"
          >
            8
          </button>
        </td>
        <td>
          <button
            className="non-operators"
            onClick={[Function]}
            type="button"
          >
            9
          </button>
        </td>
        <td>
          <button
            className="operators"
            onClick={[Function]}
            type="button"
          >
            x
          </button>
        </td>
      </tr>
      <tr>
        <td>
          <button
            className="non-operators"
            onClick={[Function]}
            type="button"
          >
            4
          </button>
        </td>
        <td>
          <button
            className="non-operators"
            onClick={[Function]}
            type="button"
          >
            5
          </button>
        </td>
        <td>
          <button
            className="non-operators"
            onClick={[Function]}
            type="button"
          >
            6
          </button>
        </td>
        <td>
          <button
            className="operators"
            onClick={[Function]}
            type="button"
          >
            -
          </button>
        </td>
      </tr>
      <tr>
        <td>
          <button
            className="non-operators"
            onClick={[Function]}
            type="button"
          >
            1
          </button>
        </td>
        <td>
          <button
            className="non-operators"
            onClick={[Function]}
            type="button"
          >
            2
          </button>
        </td>
        <td>
          <button
            className="non-operators"
            onClick={[Function]}
            type="button"
          >
            3
          </button>
        </td>
        <td>
          <button
            className="operators"
            onClick={[Function]}
            type="button"
          >
            +
          </button>
        </td>
      </tr>
      <tr>
        <td
          colSpan="2"
        >
          <button
            className="non-operators"
            onClick={[Function]}
            type="button"
          >
            0
          </button>
        </td>
        <td>
          <button
            className="non-operators"
            onClick={[Function]}
            type="button"
          >
            .
          </button>
        </td>
        <td>
          <button
            className="operators"
            onClick={[Function]}
            type="button"
          >
            =
          </button>
        </td>
      </tr>
    </tbody>
  </table>
</div>
`;
